---
source: src/pagoda/bytecode.rs
expression: output
---
main:
  load.w %r0, $0  # span 15..16 "0"
  push.w %r0
label_0:
  load.w %r0, $0  # span 18..19 "0"
  brz.w %r0, label_1
  load.w %r0, $1  # span 28..29 "1"
  load.w %r0, $1  # span 23..24 "1"
  push.w %r0
  load.w %r0, 8(%sp)  # span 21..22 "i"
  pop.w %r1
  add.w %r0, %r1  # span 21..24 "i+1"
  jmp label_0
label_1:
  pop.w %r15
  load.w %r0, $2  # span 34..35 "2"
  push.w %r0
  pop.w %r1
  movi %r0, $60
  trap
