---
source: src/pagoda/tokenizer.rs
expression: tokens
---
[
    Token {
        kind: Let,
        span: Span {
            start: 0,
            end: 3,
            literal: "let",
        },
    },
    Token {
        kind: Ident(
            "foo",
        ),
        span: Span {
            start: 4,
            end: 7,
            literal: "foo",
        },
    },
    Token {
        kind: Assign,
        span: Span {
            start: 8,
            end: 9,
            literal: "=",
        },
    },
    Token {
        kind: Return,
        span: Span {
            start: 10,
            end: 16,
            literal: "return",
        },
    },
    Token {
        kind: Eof,
        span: Span {
            start: 16,
            end: 16,
            literal: "",
        },
    },
]
