---
source: src/pagoda/parser.rs
assertion_line: 260
expression: program.expr
---
Binary {
    op: Add,
    left: Unary {
        op: Minus,
        expr: IntLiteral {
            value: 1,
            span: Span {
                start: 1,
                end: 2,
                literal: "1",
            },
        },
        span: Span {
            start: 0,
            end: 2,
            literal: "-1",
        },
    },
    right: IntLiteral {
        value: 2,
        span: Span {
            start: 3,
            end: 4,
            literal: "2",
        },
    },
    span: Span {
        start: 0,
        end: 4,
        literal: "-1+2",
    },
}
