---
source: src/pagoda/bytecode.rs
expression: output
---
  movi %r0, $12
  xor.w %r1, %r1
  trap
  mov %r12, %r0
  jmp main
main:
  load.w %r0, $3  # span 3..4 "3"
  push.w %r0
  load.w %r0, $2  # span 1..2 "2"
  pop.w %r1
  add.w %r0, %r1  # span 1..4 "2+3"
  push.w %r0
  pop.w %r1
  movi %r0, $60
  trap
