---
source: src/pagoda/parser.rs
expression: program
---
Program {
    imports: [],
    structs: [
        StructDef {
            is_public: false,
            name: "Message",
            fields: [
                StructField {
                    name: "text",
                    ty: "string",
                    span: Span {
                        start: 17,
                        end: 29,
                        literal: "",
                    },
                },
                StructField {
                    name: "code",
                    ty: "i64",
                    span: Span {
                        start: 31,
                        end: 40,
                        literal: "",
                    },
                },
            ],
            is_tuple_struct: false,
            span: Span {
                start: 0,
                end: 42,
                literal: "",
            },
        },
    ],
    enums: [],
    functions: [],
    stmts: [],
    span: Span {
        start: 0,
        end: 42,
        literal: "",
    },
}
