---
source: src/pagoda/bytecode.rs
expression: output
---
main:
  load.w %r0, $1  # span 0..1 "1"
  load.w %r0, $3  # span 4..5 "3"
  push.w %r0
  load.w %r0, $2  # span 2..3 "2"
  pop.w %r1
  add.w %r0, %r1  # span 2..5 "2+3"
  load.w %r0, $4  # span 6..7 "4"
  push.w %r0
  pop.w %r1
  movi %r0, $60
  trap
