---
source: src/pagoda/bytecode.rs
expression: output
---
main:
  load.w %r0, $2  # span 10..11 "2"
  push.w %r0
  load.w %r0, $1  # span 8..9 "1"
  pop.w %r1
  add.w %r0, %r1  # span 8..11 "1+2"
  push.w %r0
  load.w %r0, $3  # span 15..16 "3"
  push.w %r0
  load.w %r0, 8(%sp)  # span 13..14 "x"
  pop.w %r1
  mul.w %r0, %r1  # span 13..16 "x*3"
  push.w %r0
  pop.w %r1
  movi %r0, $60
  trap
