---
source: src/pagoda/parser.rs
expression: program
---
Program {
    exprs: [
        IntLiteral {
            value: 123,
            span: Span {
                start: 0,
                end: 3,
                literal: "123",
            },
        },
    ],
    span: Span {
        start: 0,
        end: 3,
        literal: "",
    },
}
