---
source: src/pagoda/parser.rs
expression: program
---
Program {
    imports: [],
    structs: [],
    functions: [],
    stmts: [
        Block {
            stmts: [
                Let {
                    name: "p",
                    expr: StructLiteral {
                        struct_name: "Point",
                        field_values: [
                            (
                                "x",
                                IntLiteral {
                                    value: 10,
                                    span: Span {
                                        start: 21,
                                        end: 23,
                                        literal: "10",
                                    },
                                },
                            ),
                            (
                                "y",
                                IntLiteral {
                                    value: 20,
                                    span: Span {
                                        start: 28,
                                        end: 30,
                                        literal: "20",
                                    },
                                },
                            ),
                        ],
                        span: Span {
                            start: 10,
                            end: 32,
                            literal: "Point{x:10,y:20}",
                        },
                    },
                    span: Span {
                        start: 2,
                        end: 32,
                        literal: "let=pPoint{x:10,y:20}",
                    },
                },
                Expr {
                    expr: FieldAccess {
                        base: Var {
                            name: "p",
                            span: Span {
                                start: 34,
                                end: 35,
                                literal: "p",
                            },
                        },
                        field_name: "x",
                        span: Span {
                            start: 34,
                            end: 37,
                            literal: "p.x",
                        },
                    },
                    span: Span {
                        start: 34,
                        end: 37,
                        literal: "p.x",
                    },
                },
            ],
            span: Span {
                start: 0,
                end: 39,
                literal: "{p.x}",
            },
        },
    ],
    span: Span {
        start: 0,
        end: 39,
        literal: "",
    },
}
